###############################################################################
## This file contains all Testbench/Test source files for CTU CAN FD.
##
## All TB/test sources shall be compiled to library ctu_can_fd_tb.
## Note that before TB sources are compiled, RTL sources should be compiled.
##
## If Vunit framework is installed on a system, then it is recommended to run
## tests via GHDL/VUnit combination in Docker image of public CTU CAN FD
## repository.
##
## If Vunit framework is NOT installed on a system and tests need to be run
## on other simulator, replacement package needs to be compiled before 
## testbench sources are compiled (see vunit.lst file).
##
###############################################################################

# Common libraries
tb/lib/randomLib.vhd
tb/lib/tb_reg_map_defs_pkg.vhd
tb/lib/CANtestLib.vhd
tb/lib/signal_delayer.vhd
tb/lib/synth_context.vhd
tb/lib/test_context.vhd
tb/lib/bit_generator.vhd
tb/lib/can_fd_tb_registers_map.vhd

# Models (Prescaler only)
tb/models/prescaler_model.vhd
tb/models/models_pkg.vhd

# Reference Tests (Recorded sequences are run towards core)
tb/reference/tb_reference.vhd
